../Core/Src/stm32h7xx_it.c:55:6:HAL_GPIO_EXTI_Callback	152	static
../Core/Src/stm32h7xx_it.c:99:6:EXTI15_10_IRQHandler	8	static
../Core/Src/stm32h7xx_it.c:116:6:NMI_Handler	4	static
../Core/Src/stm32h7xx_it.c:131:6:HardFault_Handler	4	static
../Core/Src/stm32h7xx_it.c:146:6:MemManage_Handler	4	static
../Core/Src/stm32h7xx_it.c:161:6:BusFault_Handler	4	static
../Core/Src/stm32h7xx_it.c:176:6:UsageFault_Handler	4	static
../Core/Src/stm32h7xx_it.c:191:6:SVC_Handler	4	static
../Core/Src/stm32h7xx_it.c:204:6:DebugMon_Handler	4	static
../Core/Src/stm32h7xx_it.c:217:6:PendSV_Handler	4	static
../Core/Src/stm32h7xx_it.c:230:6:SysTick_Handler	8	static
